[     142ms] [INFO] %cDownload the React DevTools for a better development experience: https://reactjs.org/link/react-devtools font-weight:bold @ http://localhost:5173/node_modules/.vite/deps/chunk-373CG7ZK.js?v=56deefb2:21548
[  193535ms] ReferenceError: GreenButton is not defined
    at http://localhost:5173/src/sections/BootcampSection.jsx?t=1782371803085:87:95
    at Array.map (<anonymous>)
    at BootcampSection (http://localhost:5173/src/sections/BootcampSection.jsx?t=1782371803085:60:111)
    at renderWithHooks (http://localhost:5173/node_modules/.vite/deps/chunk-373CG7ZK.js?v=56deefb2:11546:26)
    at updateFunctionComponent (http://localhost:5173/node_modules/.vite/deps/chunk-373CG7ZK.js?v=56deefb2:14580:28)
    at beginWork (http://localhost:5173/node_modules/.vite/deps/chunk-373CG7ZK.js?v=56deefb2:15922:22)
    at HTMLUnknownElement.callCallback2 (http://localhost:5173/node_modules/.vite/deps/chunk-373CG7ZK.js?v=56deefb2:3672:22)
    at Object.invokeGuardedCallbackDev (http://localhost:5173/node_modules/.vite/deps/chunk-373CG7ZK.js?v=56deefb2:3697:24)
    at invokeGuardedCallback (http://localhost:5173/node_modules/.vite/deps/chunk-373CG7ZK.js?v=56deefb2:3731:39)
    at beginWork$1 (http://localhost:5173/node_modules/.vite/deps/chunk-373CG7ZK.js?v=56deefb2:19763:15)
[  193539ms] ReferenceError: GreenButton is not defined
    at http://localhost:5173/src/sections/BootcampSection.jsx?t=1782371803085:87:95
    at Array.map (<anonymous>)
    at BootcampSection (http://localhost:5173/src/sections/BootcampSection.jsx?t=1782371803085:60:111)
    at renderWithHooks (http://localhost:5173/node_modules/.vite/deps/chunk-373CG7ZK.js?v=56deefb2:11546:26)
    at updateFunctionComponent (http://localhost:5173/node_modules/.vite/deps/chunk-373CG7ZK.js?v=56deefb2:14580:28)
    at beginWork (http://localhost:5173/node_modules/.vite/deps/chunk-373CG7ZK.js?v=56deefb2:15922:22)
    at HTMLUnknownElement.callCallback2 (http://localhost:5173/node_modules/.vite/deps/chunk-373CG7ZK.js?v=56deefb2:3672:22)
    at Object.invokeGuardedCallbackDev (http://localhost:5173/node_modules/.vite/deps/chunk-373CG7ZK.js?v=56deefb2:3697:24)
    at invokeGuardedCallback (http://localhost:5173/node_modules/.vite/deps/chunk-373CG7ZK.js?v=56deefb2:3731:39)
    at beginWork$1 (http://localhost:5173/node_modules/.vite/deps/chunk-373CG7ZK.js?v=56deefb2:19763:15)
[  193542ms] [ERROR] The above error occurred in the <BootcampSection> component:

    at BootcampSection (http://localhost:5173/src/sections/BootcampSection.jsx?t=1782371803085:60:111)
    at main
    at div
    at App

Consider adding an error boundary to your tree to customize error handling behavior.
Visit https://reactjs.org/link/error-boundaries to learn more about error boundaries. @ http://localhost:5173/node_modules/.vite/deps/chunk-373CG7ZK.js?v=56deefb2:14029
[  193547ms] ReferenceError: GreenButton is not defined
    at http://localhost:5173/src/sections/BootcampSection.jsx?t=1782371803085:87:95
    at Array.map (<anonymous>)
    at BootcampSection (http://localhost:5173/src/sections/BootcampSection.jsx?t=1782371803085:60:111)
    at renderWithHooks (http://localhost:5173/node_modules/.vite/deps/chunk-373CG7ZK.js?v=56deefb2:11546:26)
    at updateFunctionComponent (http://localhost:5173/node_modules/.vite/deps/chunk-373CG7ZK.js?v=56deefb2:14580:28)
    at beginWork (http://localhost:5173/node_modules/.vite/deps/chunk-373CG7ZK.js?v=56deefb2:15922:22)
    at beginWork$1 (http://localhost:5173/node_modules/.vite/deps/chunk-373CG7ZK.js?v=56deefb2:19751:22)
    at performUnitOfWork (http://localhost:5173/node_modules/.vite/deps/chunk-373CG7ZK.js?v=56deefb2:19196:20)
    at workLoopSync (http://localhost:5173/node_modules/.vite/deps/chunk-373CG7ZK.js?v=56deefb2:19135:13)
    at renderRootSync (http://localhost:5173/node_modules/.vite/deps/chunk-373CG7ZK.js?v=56deefb2:19114:15)
